{"created_at":"Wed Jul 05 10:11:56 +0000 2017","id":882542556269215745,"id_str":"882542556269215745","text":"Islamic State Cyber Division Hacked French TV5Monde https:\/\/t.co\/rkwMo0BJsD #infosec, #security #oldnews","source":"\u003ca href=\"http:\/\/www.ajaymatharu.com\/\" rel=\"nofollow\"\u003eTweet Old Post\u003c\/a\u003e","truncated":false,"in_reply_to_status_id":null,"in_reply_to_status_id_str":null,"in_reply_to_user_id":null,"in_reply_to_user_id_str":null,"in_reply_to_screen_name":null,"user":{"id":2750784361,"id_str":"2750784361","name":"YourCyberNews","screen_name":"YourCyberNews","location":"Netherlands","url":"http:\/\/www.cyberwarzone.com","description":"Your Daily Cyberwar News - Follow us now. http:\/\/Cyberwarzone.com - also active on: @Cyberwarzonecom","protected":false,"verified":false,"followers_count":778,"friends_count":591,"listed_count":41,"favourites_count":2,"statuses_count":23126,"created_at":"Wed Aug 20 23:42:47 +0000 2014","utc_offset":null,"time_zone":null,"geo_enabled":false,"lang":"en","contributors_enabled":false,"is_translator":false,"profile_background_color":"000000","profile_background_image_url":"http:\/\/abs.twimg.com\/images\/themes\/theme1\/bg.png","profile_background_image_url_https":"https:\/\/abs.twimg.com\/images\/themes\/theme1\/bg.png","profile_background_tile":false,"profile_link_color":"4A913C","profile_sidebar_border_color":"000000","profile_sidebar_fill_color":"000000","profile_text_color":"000000","profile_use_background_image":false,"profile_image_url":"http:\/\/pbs.twimg.com\/profile_images\/762316255521112064\/TlA58hlS_normal.jpg","profile_image_url_https":"https:\/\/pbs.twimg.com\/profile_images\/762316255521112064\/TlA58hlS_normal.jpg","profile_banner_url":"https:\/\/pbs.twimg.com\/profile_banners\/2750784361\/1470585302","default_profile":false,"default_profile_image":false,"following":null,"follow_request_sent":null,"notifications":null},"geo":null,"coordinates":null,"place":null,"contributors":null,"is_quote_status":false,"retweet_count":0,"favorite_count":0,"entities":{"hashtags":[{"text":"infosec","indices":[76,84]},{"text":"security","indices":[86,95]},{"text":"oldnews","indices":[96,104]}],"urls":[{"url":"https:\/\/t.co\/rkwMo0BJsD","expanded_url":"http:\/\/cyberwarzone.com\/?p=22207","display_url":"cyberwarzone.com\/?p=22207","indices":[52,75]}],"user_mentions":[],"symbols":[]},"favorited":false,"retweeted":false,"possibly_sensitive":false,"filter_level":"low","lang":"en","timestamp_ms":"1499249516919"}

{"created_at":"Wed Jul 05 10:11:57 +0000 2017","id":882542560694198272,"id_str":"882542560694198272","text":"#Largest Cryptocurrency Exchange Hacked! Over $1 Billion Worth Bitcoin and Ether Stolen\n#Hacking\u2026 https:\/\/t.co\/3uap6bzSLh","display_text_range":[0,140],"source":"\u003ca href=\"https:\/\/ifttt.com\" rel=\"nofollow\"\u003eIFTTT\u003c\/a\u003e","truncated":true,"in_reply_to_status_id":null,"in_reply_to_status_id_str":null,"in_reply_to_user_id":null,"in_reply_to_user_id_str":null,"in_reply_to_screen_name":null,"user":{"id":849824808925773825,"id_str":"849824808925773825","name":"\uff2bHAYRI \uff32.\uff32. \uff37OULFE","screen_name":"KhayriRRW","location":"Vigan City, Ilocos Region","url":"https:\/\/about.me\/Khayri","description":"#Khayri R.R. Woulfe | #Techie | #Literatus | #Freethinker | #INFJ | #Retcon Artist | #Protologician | #Exittainer | #Fabulist | #Acrosticist","protected":false,"verified":false,"followers_count":8200,"friends_count":31,"listed_count":17,"favourites_count":40,"statuses_count":16491,"created_at":"Thu Apr 06 03:23:18 +0000 2017","utc_offset":28800,"time_zone":"Hong Kong","geo_enabled":false,"lang":"en","contributors_enabled":false,"is_translator":false,"profile_background_color":"000000","profile_background_image_url":"http:\/\/abs.twimg.com\/images\/themes\/theme1\/bg.png","profile_background_image_url_https":"https:\/\/abs.twimg.com\/images\/themes\/theme1\/bg.png","profile_background_tile":false,"profile_link_color":"123456","profile_sidebar_border_color":"000000","profile_sidebar_fill_color":"000000","profile_text_color":"000000","profile_use_background_image":false,"profile_image_url":"http:\/\/pbs.twimg.com\/profile_images\/876918459640172544\/34dVa2Q6_normal.jpg","profile_image_url_https":"https:\/\/pbs.twimg.com\/profile_images\/876918459640172544\/34dVa2Q6_normal.jpg","profile_banner_url":"https:\/\/pbs.twimg.com\/profile_banners\/849824808925773825\/1498239787","default_profile":false,"default_profile_image":false,"following":null,"follow_request_sent":null,"notifications":null},"geo":null,"coordinates":null,"place":null,"contributors":null,"is_quote_status":false,"extended_tweet":{"full_text":"#Largest Cryptocurrency Exchange Hacked! Over $1 Billion Worth Bitcoin and Ether Stolen\n#Hacking\nhttps:\/\/t.co\/TQmbC7HePW https:\/\/t.co\/QYwP1QvrbX","display_text_range":[0,120],"entities":{"hashtags":[{"text":"Largest","indices":[0,8]},{"text":"Hacking","indices":[88,96]}],"urls":[{"url":"https:\/\/t.co\/TQmbC7HePW","expanded_url":"http:\/\/thehackernews.com\/2017\/07\/bitcoin-ethereum-cryptocurrency-exchange.html","display_url":"thehackernews.com\/2017\/07\/bitcoi\u2026","indices":[97,120]}],"user_mentions":[],"symbols":[],"media":[{"id":882542558597001217,"id_str":"882542558597001217","indices":[121,144],"media_url":"http:\/\/pbs.twimg.com\/media\/DD9rx_hWsAERWBN.jpg","media_url_https":"https:\/\/pbs.twimg.com\/media\/DD9rx_hWsAERWBN.jpg","url":"https:\/\/t.co\/QYwP1QvrbX","display_url":"pic.twitter.com\/QYwP1QvrbX","expanded_url":"https:\/\/twitter.com\/KhayriRRW\/status\/882542560694198272\/photo\/1","type":"photo","sizes":{"large":{"w":1000,"h":500,"resize":"fit"},"small":{"w":680,"h":340,"resize":"fit"},"thumb":{"w":150,"h":150,"resize":"crop"},"medium":{"w":1000,"h":500,"resize":"fit"}}}]},"extended_entities":{"media":[{"id":882542558597001217,"id_str":"882542558597001217","indices":[121,144],"media_url":"http:\/\/pbs.twimg.com\/media\/DD9rx_hWsAERWBN.jpg","media_url_https":"https:\/\/pbs.twimg.com\/media\/DD9rx_hWsAERWBN.jpg","url":"https:\/\/t.co\/QYwP1QvrbX","display_url":"pic.twitter.com\/QYwP1QvrbX","expanded_url":"https:\/\/twitter.com\/KhayriRRW\/status\/882542560694198272\/photo\/1","type":"photo","sizes":{"large":{"w":1000,"h":500,"resize":"fit"},"small":{"w":680,"h":340,"resize":"fit"},"thumb":{"w":150,"h":150,"resize":"crop"},"medium":{"w":1000,"h":500,"resize":"fit"}}}]}},"retweet_count":0,"favorite_count":0,"entities":{"hashtags":[{"text":"Largest","indices":[0,8]},{"text":"Hacking","indices":[88,96]}],"urls":[{"url":"https:\/\/t.co\/3uap6bzSLh","expanded_url":"https:\/\/twitter.com\/i\/web\/status\/882542560694198272","display_url":"twitter.com\/i\/web\/status\/8\u2026","indices":[98,121]}],"user_mentions":[],"symbols":[]},"favorited":false,"retweeted":false,"possibly_sensitive":false,"filter_level":"low","lang":"en","timestamp_ms":"1499249517974"}

{"created_at":"Wed Jul 05 10:12:02 +0000 2017","id":882542580839460865,"id_str":"882542580839460865","text":"Largest Cryptocurrency Exchange Hacked! Over $1 Billion Worth Bitcoin and Ether Stolen https:\/\/t.co\/CqA1fjLskR","source":"\u003ca href=\"https:\/\/ifttt.com\" rel=\"nofollow\"\u003eIFTTT\u003c\/a\u003e","truncated":false,"in_reply_to_status_id":null,"in_reply_to_status_id_str":null,"in_reply_to_user_id":null,"in_reply_to_user_id_str":null,"in_reply_to_screen_name":null,"user":{"id":983359495,"id_str":"983359495","name":"Chris Raulston","screen_name":"c_raulston","location":"Ohio","url":null,"description":"Dad|Husband| #FollowerofChrist |#Musican| #Geek |ITArchitect| #Citrix #Microsoft #Cisco Engineer| #Technology #Android #Apple Fanatic| #Romans 8:1| #OhioState","protected":false,"verified":false,"followers_count":281,"friends_count":128,"listed_count":25,"favourites_count":4,"statuses_count":88085,"created_at":"Sat Dec 01 21:17:32 +0000 2012","utc_offset":-14400,"time_zone":"Eastern Time (US & Canada)","geo_enabled":false,"lang":"en","contributors_enabled":false,"is_translator":false,"profile_background_color":"000000","profile_background_image_url":"http:\/\/pbs.twimg.com\/profile_background_images\/732976565\/d5bb1df3721836e83c85df95d48346dd.jpeg","profile_background_image_url_https":"https:\/\/pbs.twimg.com\/profile_background_images\/732976565\/d5bb1df3721836e83c85df95d48346dd.jpeg","profile_background_tile":false,"profile_link_color":"0084B4","profile_sidebar_border_color":"FFFFFF","profile_sidebar_fill_color":"C0DFEC","profile_text_color":"333333","profile_use_background_image":true,"profile_image_url":"http:\/\/pbs.twimg.com\/profile_images\/656899307325534208\/2aN02oZM_normal.jpg","profile_image_url_https":"https:\/\/pbs.twimg.com\/profile_images\/656899307325534208\/2aN02oZM_normal.jpg","profile_banner_url":"https:\/\/pbs.twimg.com\/profile_banners\/983359495\/1445451703","default_profile":false,"default_profile_image":false,"following":null,"follow_request_sent":null,"notifications":null},"geo":null,"coordinates":null,"place":null,"contributors":null,"is_quote_status":false,"retweet_count":0,"favorite_count":0,"entities":{"hashtags":[],"urls":[{"url":"https:\/\/t.co\/CqA1fjLskR","expanded_url":"http:\/\/ift.tt\/2tg5qwK","display_url":"ift.tt\/2tg5qwK","indices":[87,110]}],"user_mentions":[],"symbols":[]},"favorited":false,"retweeted":false,"possibly_sensitive":false,"filter_level":"low","lang":"en","timestamp_ms":"1499249522777"}

{"created_at":"Wed Jul 05 10:12:09 +0000 2017","id":882542608442167296,"id_str":"882542608442167296","text":"RT @Methone: Zur Verbreitung wurde die Steuersoftware Steuersoftware #MeDoc verwendet (cyl) #Petya #CyberAttacke\nhttps:\/\/t.co\/CxEyPEWb9h","source":"\u003ca href=\"http:\/\/twitter.com\/download\/android\" rel=\"nofollow\"\u003eTwitter for Android\u003c\/a\u003e","truncated":false,"in_reply_to_status_id":null,"in_reply_to_status_id_str":null,"in_reply_to_user_id":null,"in_reply_to_user_id_str":null,"in_reply_to_screen_name":null,"user":{"id":2483604803,"id_str":"2483604803","name":"Angela Anahi","screen_name":"Angela_4665","location":"Rochester, Minnesota","url":null,"description":null,"protected":false,"verified":false,"followers_count":41,"friends_count":1770,"listed_count":17,"favourites_count":733,"statuses_count":907,"created_at":"Mon Apr 14 07:54:11 +0000 2014","utc_offset":null,"time_zone":null,"geo_enabled":false,"lang":"en","contributors_enabled":false,"is_translator":false,"profile_background_color":"131516","profile_background_image_url":"http:\/\/abs.twimg.com\/images\/themes\/theme14\/bg.gif","profile_background_image_url_https":"https:\/\/abs.twimg.com\/images\/themes\/theme14\/bg.gif","profile_background_tile":true,"profile_link_color":"009999","profile_sidebar_border_color":"EEEEEE","profile_sidebar_fill_color":"EFEFEF","profile_text_color":"333333","profile_use_background_image":true,"profile_image_url":"http:\/\/pbs.twimg.com\/profile_images\/749741670971891712\/dFVzag3I_normal.jpg","profile_image_url_https":"https:\/\/pbs.twimg.com\/profile_images\/749741670971891712\/dFVzag3I_normal.jpg","profile_banner_url":"https:\/\/pbs.twimg.com\/profile_banners\/2483604803\/1467587322","default_profile":false,"default_profile_image":false,"following":null,"follow_request_sent":null,"notifications":null},"geo":null,"coordinates":null,"place":null,"contributors":null,"retweeted_status":{"created_at":"Wed Jul 05 09:59:23 +0000 2017","id":882539396553216001,"id_str":"882539396553216001","text":"Zur Verbreitung wurde die Steuersoftware Steuersoftware #MeDoc verwendet (cyl) #Petya #CyberAttacke\nhttps:\/\/t.co\/CxEyPEWb9h","source":"\u003ca href=\"https:\/\/ifttt.com\" rel=\"nofollow\"\u003eIFTTT\u003c\/a\u003e","truncated":false,"in_reply_to_status_id":null,"in_reply_to_status_id_str":null,"in_reply_to_user_id":null,"in_reply_to_user_id_str":null,"in_reply_to_screen_name":null,"user":{"id":17938568,"id_str":"17938568","name":"Methone","screen_name":"Methone","location":"Germany, Augsburg","url":"http:\/\/vpierre.it\/blog","description":"at the moment: virtualization and automation is my life VCP3; VCP4; VCP5; VCP410-DT; VCP510-DT; MCITP Virtualization","protected":false,"verified":false,"followers_count":296581,"friends_count":1057,"listed_count":799,"favourites_count":289,"statuses_count":268737,"created_at":"Sun Dec 07 08:33:55 +0000 2008","utc_offset":7200,"time_zone":"Berlin","geo_enabled":false,"lang":"de","contributors_enabled":false,"is_translator":false,"profile_background_color":"C0DEED","profile_background_image_url":"http:\/\/pbs.twimg.com\/profile_background_images\/635772346\/dq7hob5g1n9k8vygaewm.jpeg","profile_background_image_url_https":"https:\/\/pbs.twimg.com\/profile_background_images\/635772346\/dq7hob5g1n9k8vygaewm.jpeg","profile_background_tile":false,"profile_link_color":"0084B4","profile_sidebar_border_color":"C0DEED","profile_sidebar_fill_color":"DDEEF6","profile_text_color":"333333","profile_use_background_image":true,"profile_image_url":"http:\/\/pbs.twimg.com\/profile_images\/715413910048940032\/2tAfXTa4_normal.jpg","profile_image_url_https":"https:\/\/pbs.twimg.com\/profile_images\/715413910048940032\/2tAfXTa4_normal.jpg","default_profile":false,"default_profile_image":false,"following":null,"follow_request_sent":null,"notifications":null},"geo":null,"coordinates":null,"place":null,"contributors":null,"is_quote_status":false,"retweet_count":1,"favorite_count":2,"entities":{"hashtags":[{"text":"MeDoc","indices":[56,62]},{"text":"Petya","indices":[79,85]},{"text":"CyberAttacke","indices":[86,99]}],"urls":[{"url":"https:\/\/t.co\/CxEyPEWb9h","expanded_url":"https:\/\/www.heise.de\/security\/meldung\/Cyber-Attacke-Petya-NotPetya-Neue-Einblicke-in-die-perfide-Verbreitungsmasche-3763750.html","display_url":"heise.de\/security\/meldu\u2026","indices":[100,123]}],"user_mentions":[],"symbols":[]},"favorited":false,"retweeted":false,"possibly_sensitive":false,"filter_level":"low","lang":"de"},"is_quote_status":false,"retweet_count":0,"favorite_count":0,"entities":{"hashtags":[{"text":"MeDoc","indices":[69,75]},{"text":"Petya","indices":[92,98]},{"text":"CyberAttacke","indices":[99,112]}],"urls":[{"url":"https:\/\/t.co\/CxEyPEWb9h","expanded_url":"https:\/\/www.heise.de\/security\/meldung\/Cyber-Attacke-Petya-NotPetya-Neue-Einblicke-in-die-perfide-Verbreitungsmasche-3763750.html","display_url":"heise.de\/security\/meldu\u2026","indices":[113,136]}],"user_mentions":[{"screen_name":"Methone","name":"Methone","id":17938568,"id_str":"17938568","indices":[3,11]}],"symbols":[]},"favorited":false,"retweeted":false,"possibly_sensitive":false,"filter_level":"low","lang":"de","timestamp_ms":"1499249529358"}

{"created_at":"Wed Jul 05 10:12:13 +0000 2017","id":882542626439921665,"id_str":"882542626439921665","text":"RT @Gigirantie: Oooh I think uncle Mbaks blocked me after I asked how a verified account gets hacked when he tweeted some nudes lol\ud83d\ude29\ud83d\ude29","source":"\u003ca href=\"http:\/\/twitter.com\/download\/android\" rel=\"nofollow\"\u003eTwitter for Android\u003c\/a\u003e","truncated":false,"in_reply_to_status_id":null,"in_reply_to_status_id_str":null,"in_reply_to_user_id":null,"in_reply_to_user_id_str":null,"in_reply_to_screen_name":null,"user":{"id":3648645853,"id_str":"3648645853","name":"Nthabisss","screen_name":"nthabieve85","location":"Pretoria, South Africa","url":null,"description":"lover of fine things","protected":false,"verified":false,"followers_count":193,"friends_count":767,"listed_count":0,"favourites_count":2305,"statuses_count":1225,"created_at":"Tue Sep 22 12:29:00 +0000 2015","utc_offset":null,"time_zone":null,"geo_enabled":false,"lang":"en","contributors_enabled":false,"is_translator":false,"profile_background_color":"C0DEED","profile_background_image_url":"http:\/\/abs.twimg.com\/images\/themes\/theme1\/bg.png","profile_background_image_url_https":"https:\/\/abs.twimg.com\/images\/themes\/theme1\/bg.png","profile_background_tile":false,"profile_link_color":"1DA1F2","profile_sidebar_border_color":"C0DEED","profile_sidebar_fill_color":"DDEEF6","profile_text_color":"333333","profile_use_background_image":true,"profile_image_url":"http:\/\/pbs.twimg.com\/profile_images\/783205364389015552\/6w2focqp_normal.jpg","profile_image_url_https":"https:\/\/pbs.twimg.com\/profile_images\/783205364389015552\/6w2focqp_normal.jpg","profile_banner_url":"https:\/\/pbs.twimg.com\/profile_banners\/3648645853\/1469422363","default_profile":true,"default_profile_image":false,"following":null,"follow_request_sent":null,"notifications":null},"geo":null,"coordinates":null,"place":null,"contributors":null,"retweeted_status":{"created_at":"Wed Jul 05 09:00:05 +0000 2017","id":882524474758836226,"id_str":"882524474758836226","text":"Oooh I think uncle Mbaks blocked me after I asked how a verified account gets hacked when he tweeted some nudes lol\ud83d\ude29\ud83d\ude29","source":"\u003ca href=\"http:\/\/twitter.com\/download\/iphone\" rel=\"nofollow\"\u003eTwitter for iPhone\u003c\/a\u003e","truncated":false,"in_reply_to_status_id":null,"in_reply_to_status_id_str":null,"in_reply_to_user_id":null,"in_reply_to_user_id_str":null,"in_reply_to_screen_name":null,"user":{"id":331716977,"id_str":"331716977","name":"Geegee Rantie \ud83c\uddff\ud83c\udde6","screen_name":"Gigirantie","location":"Johannesburg, South Africa","url":"https:\/\/www.instagram.com\/gigirantie\/","description":"\ud83d\ude43","protected":false,"verified":false,"followers_count":11519,"friends_count":2473,"listed_count":11,"favourites_count":4206,"statuses_count":32037,"created_at":"Fri Jul 08 16:22:56 +0000 2011","utc_offset":-36000,"time_zone":"Hawaii","geo_enabled":false,"lang":"en","contributors_enabled":false,"is_translator":false,"profile_background_color":"000000","profile_background_image_url":"http:\/\/abs.twimg.com\/images\/themes\/theme11\/bg.gif","profile_background_image_url_https":"https:\/\/abs.twimg.com\/images\/themes\/theme11\/bg.gif","profile_background_tile":false,"profile_link_color":"91D2FA","profile_sidebar_border_color":"000000","profile_sidebar_fill_color":"000000","profile_text_color":"000000","profile_use_background_image":false,"profile_image_url":"http:\/\/pbs.twimg.com\/profile_images\/870471438867853312\/y046Ahq8_normal.jpg","profile_image_url_https":"https:\/\/pbs.twimg.com\/profile_images\/870471438867853312\/y046Ahq8_normal.jpg","profile_banner_url":"https:\/\/pbs.twimg.com\/profile_banners\/331716977\/1496931229","default_profile":false,"default_profile_image":false,"following":null,"follow_request_sent":null,"notifications":null},"geo":null,"coordinates":null,"place":null,"contributors":null,"is_quote_status":false,"retweet_count":1,"favorite_count":0,"entities":{"hashtags":[],"urls":[],"user_mentions":[],"symbols":[]},"favorited":false,"retweeted":false,"filter_level":"low","lang":"en"},"is_quote_status":false,"retweet_count":0,"favorite_count":0,"entities":{"hashtags":[],"urls":[],"user_mentions":[{"screen_name":"Gigirantie","name":"Geegee Rantie \ud83c\uddff\ud83c\udde6","id":331716977,"id_str":"331716977","indices":[3,14]}],"symbols":[]},"favorited":false,"retweeted":false,"filter_level":"low","lang":"en","timestamp_ms":"1499249533649"}

{"created_at":"Wed Jul 05 10:12:15 +0000 2017","id":882542632983040001,"id_str":"882542632983040001","text":"RT @iamcardib: Sorry guys ... I've been hacked... trying to get control of my accounts now","source":"\u003ca href=\"http:\/\/twitter.com\/download\/iphone\" rel=\"nofollow\"\u003eTwitter for iPhone\u003c\/a\u003e","truncated":false,"in_reply_to_status_id":null,"in_reply_to_status_id_str":null,"in_reply_to_user_id":null,"in_reply_to_user_id_str":null,"in_reply_to_screen_name":null,"user":{"id":3279282300,"id_str":"3279282300","name":"RAQ\ud83c\udff3\ufe0f\u200d\ud83c\udf08","screen_name":"raquelmich_","location":null,"url":"http:\/\/phhho.to\/raquelmich_?t=o","description":"\ud83d\udc7baye_raquel","protected":false,"verified":false,"followers_count":1563,"friends_count":1551,"listed_count":26,"favourites_count":25868,"statuses_count":67963,"created_at":"Tue Jul 14 07:23:18 +0000 2015","utc_offset":-25200,"time_zone":"Pacific Time (US & Canada)","geo_enabled":true,"lang":"en","contributors_enabled":false,"is_translator":false,"profile_background_color":"C0DEED","profile_background_image_url":"http:\/\/abs.twimg.com\/images\/themes\/theme1\/bg.png","profile_background_image_url_https":"https:\/\/abs.twimg.com\/images\/themes\/theme1\/bg.png","profile_background_tile":false,"profile_link_color":"1DA1F2","profile_sidebar_border_color":"C0DEED","profile_sidebar_fill_color":"DDEEF6","profile_text_color":"333333","profile_use_background_image":true,"profile_image_url":"http:\/\/pbs.twimg.com\/profile_images\/879903723878789121\/jU7q6cZo_normal.jpg","profile_image_url_https":"https:\/\/pbs.twimg.com\/profile_images\/879903723878789121\/jU7q6cZo_normal.jpg","profile_banner_url":"https:\/\/pbs.twimg.com\/profile_banners\/3279282300\/1499073926","default_profile":true,"default_profile_image":false,"following":null,"follow_request_sent":null,"notifications":null},"geo":null,"coordinates":null,"place":null,"contributors":null,"retweeted_status":{"created_at":"Wed Jul 05 03:07:36 +0000 2017","id":882435768823795713,"id_str":"882435768823795713","text":"Sorry guys ... I've been hacked... trying to get control of my accounts now","source":"\u003ca href=\"http:\/\/twitter.com\/download\/iphone\" rel=\"nofollow\"\u003eTwitter for iPhone\u003c\/a\u003e","truncated":false,"in_reply_to_status_id":null,"in_reply_to_status_id_str":null,"in_reply_to_user_id":null,"in_reply_to_user_id_str":null,"in_reply_to_screen_name":null,"user":{"id":866953267,"id_str":"866953267","name":"iamcardib","screen_name":"iamcardib","location":"Mars, NYC","url":"https:\/\/youtu.be\/PEGccV-NOm8","description":"#Entertainer #VH1 #BET #LHHNY #MTV2 IG: @iamcardib #CardiB #iamcardib #Cardi_BB #KSRGROUP","protected":false,"verified":true,"followers_count":571867,"friends_count":135,"listed_count":692,"favourites_count":111,"statuses_count":17870,"created_at":"Sun Oct 07 20:53:16 +0000 2012","utc_offset":-14400,"time_zone":"Eastern Time (US & Canada)","geo_enabled":true,"lang":"en","contributors_enabled":false,"is_translator":false,"profile_background_color":"C0DEED","profile_background_image_url":"http:\/\/abs.twimg.com\/images\/themes\/theme1\/bg.png","profile_background_image_url_https":"https:\/\/abs.twimg.com\/images\/themes\/theme1\/bg.png","profile_background_tile":false,"profile_link_color":"1DA1F2","profile_sidebar_border_color":"C0DEED","profile_sidebar_fill_color":"DDEEF6","profile_text_color":"333333","profile_use_background_image":true,"profile_image_url":"http:\/\/pbs.twimg.com\/profile_images\/694200051959238656\/pwdIhSPG_normal.jpg","profile_image_url_https":"https:\/\/pbs.twimg.com\/profile_images\/694200051959238656\/pwdIhSPG_normal.jpg","profile_banner_url":"https:\/\/pbs.twimg.com\/profile_banners\/866953267\/1463449955","default_profile":true,"default_profile_image":false,"following":null,"follow_request_sent":null,"notifications":null},"geo":null,"coordinates":null,"place":null,"contributors":null,"is_quote_status":false,"retweet_count":671,"favorite_count":2902,"entities":{"hashtags":[],"urls":[],"user_mentions":[],"symbols":[]},"favorited":false,"retweeted":false,"filter_level":"low","lang":"en"},"is_quote_status":false,"retweet_count":0,"favorite_count":0,"entities":{"hashtags":[],"urls":[],"user_mentions":[{"screen_name":"iamcardib","name":"iamcardib","id":866953267,"id_str":"866953267","indices":[3,13]}],"symbols":[]},"favorited":false,"retweeted":false,"filter_level":"low","lang":"en","timestamp_ms":"1499249535209"}

{"created_at":"Wed Jul 05 10:12:15 +0000 2017","id":882542635935821824,"id_str":"882542635935821824","text":"RT @unian: \u0415\u043a\u0441\u043f\u0435\u0440\u0442\u0438 \u0434\u043e\u0432\u0435\u043b\u0438, \u0449\u043e \u043c\u0435\u0442\u043e\u044e \u0432\u0456\u0440\u0443\u0441\u0443 Petya.A \u0431\u0443\u043b\u0430 \u0441\u0430\u043c\u0435 \u0423\u043a\u0440\u0430\u0457\u043d\u0430\nhttps:\/\/t.co\/N1vNSgcjWK https:\/\/t.co\/3cqQqRLWfl","source":"\u003ca href=\"http:\/\/twitter.com\" rel=\"nofollow\"\u003eTwitter Web Client\u003c\/a\u003e","truncated":false,"in_reply_to_status_id":null,"in_reply_to_status_id_str":null,"in_reply_to_user_id":null,"in_reply_to_user_id_str":null,"in_reply_to_screen_name":null,"user":{"id":2651104686,"id_str":"2651104686","name":"\u0433\u0440\u0435\u043a","screen_name":"srek8","location":null,"url":null,"description":null,"protected":false,"verified":false,"followers_count":181,"friends_count":274,"listed_count":8,"favourites_count":5456,"statuses_count":32863,"created_at":"Wed Jul 16 13:57:21 +0000 2014","utc_offset":null,"time_zone":null,"geo_enabled":false,"lang":"ru","contributors_enabled":false,"is_translator":false,"profile_background_color":"C0DEED","profile_background_image_url":"http:\/\/abs.twimg.com\/images\/themes\/theme1\/bg.png","profile_background_image_url_https":"https:\/\/abs.twimg.com\/images\/themes\/theme1\/bg.png","profile_background_tile":false,"profile_link_color":"1DA1F2","profile_sidebar_border_color":"C0DEED","profile_sidebar_fill_color":"DDEEF6","profile_text_color":"333333","profile_use_background_image":true,"profile_image_url":"http:\/\/pbs.twimg.com\/profile_images\/567124346309586944\/lAIUInec_normal.jpeg","profile_image_url_https":"https:\/\/pbs.twimg.com\/profile_images\/567124346309586944\/lAIUInec_normal.jpeg","default_profile":true,"default_profile_image":false,"following":null,"follow_request_sent":null,"notifications":null},"geo":null,"coordinates":null,"place":null,"contributors":null,"retweeted_status":{"created_at":"Wed Jul 05 09:40:28 +0000 2017","id":882534636718608384,"id_str":"882534636718608384","text":"\u0415\u043a\u0441\u043f\u0435\u0440\u0442\u0438 \u0434\u043e\u0432\u0435\u043b\u0438, \u0449\u043e \u043c\u0435\u0442\u043e\u044e \u0432\u0456\u0440\u0443\u0441\u0443 Petya.A \u0431\u0443\u043b\u0430 \u0441\u0430\u043c\u0435 \u0423\u043a\u0440\u0430\u0457\u043d\u0430\nhttps:\/\/t.co\/N1vNSgcjWK https:\/\/t.co\/3cqQqRLWfl","display_text_range":[0,82],"source":"\u003ca href=\"http:\/\/www.unian.net\" rel=\"nofollow\"\u003eUNIAN.net\u003c\/a\u003e","truncated":false,"in_reply_to_status_id":null,"in_reply_to_status_id_str":null,"in_reply_to_user_id":null,"in_reply_to_user_id_str":null,"in_reply_to_screen_name":null,"user":{"id":15827782,"id_str":"15827782","name":"unian","screen_name":"unian","location":"Ukraine","url":"http:\/\/www.unian.net\/","description":null,"protected":false,"verified":false,"followers_count":139162,"friends_count":330,"listed_count":1038,"favourites_count":73,"statuses_count":155233,"created_at":"Tue Aug 12 20:42:19 +0000 2008","utc_offset":-36000,"time_zone":"Hawaii","geo_enabled":false,"lang":"en","contributors_enabled":false,"is_translator":false,"profile_background_color":"C0DEED","profile_background_image_url":"http:\/\/abs.twimg.com\/images\/themes\/theme1\/bg.png","profile_background_image_url_https":"https:\/\/abs.twimg.com\/images\/themes\/theme1\/bg.png","profile_background_tile":false,"profile_link_color":"1DA1F2","profile_sidebar_border_color":"C0DEED","profile_sidebar_fill_color":"DDEEF6","profile_text_color":"333333","profile_use_background_image":true,"profile_image_url":"http:\/\/pbs.twimg.com\/profile_images\/450956002603454465\/DtrB3kNU_normal.png","profile_image_url_https":"https:\/\/pbs.twimg.com\/profile_images\/450956002603454465\/DtrB3kNU_normal.png","default_profile":true,"default_profile_image":false,"following":null,"follow_request_sent":null,"notifications":null},"geo":null,"coordinates":null,"place":null,"contributors":null,"is_quote_status":false,"retweet_count":8,"favorite_count":3,"entities":{"hashtags":[],"urls":[{"url":"https:\/\/t.co\/N1vNSgcjWK","expanded_url":"https:\/\/www.unian.ua\/science\/2011516-eksperti-doveli-scho-metoyu-virusu-petyaa-bula-same-ukrajina.html","display_url":"unian.ua\/science\/201151\u2026","indices":[59,82]}],"user_mentions":[],"symbols":[],"media":[{"id":882534634202030080,"id_str":"882534634202030080","indices":[83,106],"media_url":"http:\/\/pbs.twimg.com\/media\/DD9kku2XYAAkP51.jpg","media_url_https":"https:\/\/pbs.twimg.com\/media\/DD9kku2XYAAkP51.jpg","url":"https:\/\/t.co\/3cqQqRLWfl","display_url":"pic.twitter.com\/3cqQqRLWfl","expanded_url":"https:\/\/twitter.com\/unian\/status\/882534636718608384\/photo\/1","type":"photo","sizes":{"medium":{"w":1200,"h":675,"resize":"fit"},"large":{"w":1920,"h":1080,"resize":"fit"},"small":{"w":680,"h":383,"resize":"fit"},"thumb":{"w":150,"h":150,"resize":"crop"}}}]},"extended_entities":{"media":[{"id":882534634202030080,"id_str":"882534634202030080","indices":[83,106],"media_url":"http:\/\/pbs.twimg.com\/media\/DD9kku2XYAAkP51.jpg","media_url_https":"https:\/\/pbs.twimg.com\/media\/DD9kku2XYAAkP51.jpg","url":"https:\/\/t.co\/3cqQqRLWfl","display_url":"pic.twitter.com\/3cqQqRLWfl","expanded_url":"https:\/\/twitter.com\/unian\/status\/882534636718608384\/photo\/1","type":"photo","sizes":{"medium":{"w":1200,"h":675,"resize":"fit"},"large":{"w":1920,"h":1080,"resize":"fit"},"small":{"w":680,"h":383,"resize":"fit"},"thumb":{"w":150,"h":150,"resize":"crop"}}}]},"favorited":false,"retweeted":false,"possibly_sensitive":false,"filter_level":"low","lang":"uk"},"is_quote_status":false,"retweet_count":0,"favorite_count":0,"entities":{"hashtags":[],"urls":[{"url":"https:\/\/t.co\/N1vNSgcjWK","expanded_url":"https:\/\/www.unian.ua\/science\/2011516-eksperti-doveli-scho-metoyu-virusu-petyaa-bula-same-ukrajina.html","display_url":"unian.ua\/science\/201151\u2026","indices":[70,93]}],"user_mentions":[{"screen_name":"unian","name":"unian","id":15827782,"id_str":"15827782","indices":[3,9]}],"symbols":[],"media":[{"id":882534634202030080,"id_str":"882534634202030080","indices":[94,117],"media_url":"http:\/\/pbs.twimg.com\/media\/DD9kku2XYAAkP51.jpg","media_url_https":"https:\/\/pbs.twimg.com\/media\/DD9kku2XYAAkP51.jpg","url":"https:\/\/t.co\/3cqQqRLWfl","display_url":"pic.twitter.com\/3cqQqRLWfl","expanded_url":"https:\/\/twitter.com\/unian\/status\/882534636718608384\/photo\/1","type":"photo","sizes":{"medium":{"w":1200,"h":675,"resize":"fit"},"large":{"w":1920,"h":1080,"resize":"fit"},"small":{"w":680,"h":383,"resize":"fit"},"thumb":{"w":150,"h":150,"resize":"crop"}},"source_status_id":882534636718608384,"source_status_id_str":"882534636718608384","source_user_id":15827782,"source_user_id_str":"15827782"}]},"extended_entities":{"media":[{"id":882534634202030080,"id_str":"882534634202030080","indices":[94,117],"media_url":"http:\/\/pbs.twimg.com\/media\/DD9kku2XYAAkP51.jpg","media_url_https":"https:\/\/pbs.twimg.com\/media\/DD9kku2XYAAkP51.jpg","url":"https:\/\/t.co\/3cqQqRLWfl","display_url":"pic.twitter.com\/3cqQqRLWfl","expanded_url":"https:\/\/twitter.com\/unian\/status\/882534636718608384\/photo\/1","type":"photo","sizes":{"medium":{"w":1200,"h":675,"resize":"fit"},"large":{"w":1920,"h":1080,"resize":"fit"},"small":{"w":680,"h":383,"resize":"fit"},"thumb":{"w":150,"h":150,"resize":"crop"}},"source_status_id":882534636718608384,"source_status_id_str":"882534636718608384","source_user_id":15827782,"source_user_id_str":"15827782"}]},"favorited":false,"retweeted":false,"possibly_sensitive":false,"filter_level":"low","lang":"uk","timestamp_ms":"1499249535913"}

{"created_at":"Wed Jul 05 10:12:17 +0000 2017","id":882542640973176832,"id_str":"882542640973176832","text":"Update NotPetya\/Petya\/Petna\/SortaPetya Selon une nouvelle analyse, le #virus a \u00e9t\u00e9 con\u00e7u pour res https:\/\/t.co\/gXaPGA4QrL #swiss #notpetya","source":"\u003ca href=\"http:\/\/www.ajaymatharu.com\/\" rel=\"nofollow\"\u003eTweet Old Post\u003c\/a\u003e","truncated":false,"in_reply_to_status_id":null,"in_reply_to_status_id_str":null,"in_reply_to_user_id":null,"in_reply_to_user_id_str":null,"in_reply_to_screen_name":null,"user":{"id":65368359,"id_str":"65368359","name":"Kut","screen_name":"KutGeorges","location":"Switzerland","url":"https:\/\/www.georgeskut.ch","description":"Founder Asset IT SARL\r\nIT Manager & infrastructure\r\nRisk Management, Security management, data center architect,Network Management","protected":false,"verified":false,"followers_count":188,"friends_count":369,"listed_count":103,"favourites_count":4,"statuses_count":14015,"created_at":"Thu Aug 13 13:59:39 +0000 2009","utc_offset":7200,"time_zone":"Bern","geo_enabled":true,"lang":"en","contributors_enabled":false,"is_translator":false,"profile_background_color":"3DB6D1","profile_background_image_url":"http:\/\/pbs.twimg.com\/profile_background_images\/884985155\/2ebcb4e23c0c429a483c92910a2b9955.jpeg","profile_background_image_url_https":"https:\/\/pbs.twimg.com\/profile_background_images\/884985155\/2ebcb4e23